[backblue.gif]
[fade.gif]
[index.html]
[localhost_8080/index.html]
[localhost_8080/static/home/img/favicon.png]
[localhost_8080/static/home/apple-icon.png]
[localhost_8080/static/home/js/animated-toggle-menu.js]
[localhost_8080/static/home/img/scroll-icon.png]
[localhost_8080/static/home/highway-loop.13.delayed]
[localhost_8080/static/home/js/vendor/bootstrap.min.js]
[localhost_8080/static/home/js/plugins.js]
[localhost_8080/static/home/js/main.17.delayed]
[localhost_8080/en/index.html]
[localhost_8080/static/home/fonts/fontawesome-webfont3e6e.eot]
[localhost_8080/static/home/fonts/fontawesome-webfontd41d.eot]
[localhost_8080/static/home/fonts/fontawesome-webfont3e6e.woff2]
[localhost_8080/static/home/fonts/fontawesome-webfont3e6e.woff]
[localhost_8080/static/home/fonts/fontawesome-webfont3e6e.ttf]
[localhost_8080/static/home/css/fontAwesome.css]
[localhost_8080/static/home/css/templatemo-style.css]
[localhost_8080/static/home/css/custom-styles.css]
[localhost_8080/static/home/img/heading_bg.png]
[localhost_8080/static/home/fonts/glyphicons-halflings-regular.eot]
[localhost_8080/static/home/fonts/glyphicons-halflings-regulard41d.eot]
[localhost_8080/static/home/fonts/glyphicons-halflings-regular.woff]
[localhost_8080/static/home/fonts/glyphicons-halflings-regular.ttf]
[localhost_8080/static/home/css/bootstrap.min.css]
[localhost_8080/static/home/css/bootstrap-theme.min.css]
[localhost_8080/static/home/img/icons/flags/en.svg]
[localhost_8080/static/home/img/icons/flags/ar.svg]
[localhost_8080/static/home/img/icons/flags/fr.svg]
[localhost_8080/static/home/img/icons/flags/tr.svg]
[localhost_8080/static/home/img/icons/flags/de.svg]
[localhost_8080/static/home/img/icons/flags/es.svg]
[localhost_8080/static/home/img/icons/flags/pl.svg]
[localhost_8080/static/home/img/icons/flags/pt.svg]
[localhost_8080/static/home/img/icons/flags/hu.svg]
[localhost_8080/static/home/img/icons/flags/ru.svg]
[localhost_8080/media/images/485940c5b787625474f79ca1f1d0cbfb_T.2e16d0ba.fill-900x400.jpg]
[localhost_8080/media/images/71ba9098c7dffc2c75ec79fa470b2007.2e16d0ba.fill-900x400.jpg]
[localhost_8080/media/images/Dental-Restoration.2e16d0ba.fill-900x400.png]
[localhost_8080/media/images/e9e6f7e029e24a3be8ca254aba620592_m.8b9d1190.fill-900x400.jpg]
[localhost_8080/media/images/images.2e16d0ba.fill-900x400.png]
[localhost_8080/media/images/c40f50e26ad1c0c2fce5bb6598f5a4a6.0f651141.fill-900x400.jpg]
[localhost_8080/media/images/f56e9c0ad4219a4b93df93b42824d607.0e22b5aa.fill-900x400.jpg]
[localhost_8080/media/images/4.45def147.fill-900x400.jpg]
[localhost_8080/media/images/dental_implants_blog_1.2e16d0ba.fill-900x400.png]
[localhost_8080/media/images/141fbd7b542ae23e7090fac8cbb8ba9e.2e16d0ba.fill-900x400.jpg]
[localhost_8080/media/images/485940c5b787625474f79ca1f1d0cbfb_Tg.2e16d0ba.fill-140x60.jpg]
[localhost_8080/media/images/71ba9098c7dffc2c75ec79fa470b2007.2e16d0ba.fill-140x60.jpg]
[localhost_8080/media/images/Dental-Restoration.2e16d0ba.fill-140x60.png]
[localhost_8080/media/images/e9e6f7e029e24a3be8ca254aba620592_mR.8b9d1190.fill-140x60.jpg]
[localhost_8080/media/images/images.2e16d0ba.fill-140x60.png]
[localhost_8080/media/images/c40f50e26ad1c0c2fce5bb6598f5a4a6.0f651141.fill-140x60.jpg]
[localhost_8080/media/images/f56e9c0ad4219a4b93df93b42824d607.0e22b5aa.fill-140x60.jpg]
[localhost_8080/media/images/4.45def147.fill-140x60.jpg]
[localhost_8080/media/images/dental_implants_blog_1.2e16d0ba.fill-140x60.png]
[localhost_8080/media/images/141fbd7b542ae23e7090fac8cbb8ba9e.2e16d0ba.fill-140x60.jpg]
[localhost_8080/media/images/485940c5b787625474f79ca1f1d0cbfb_T.2e16d0ba.fill-120x120.jpg]
[localhost_8080/media/images/71ba9098c7dffc2c75ec79fa470b2007.2e16d0ba.fill-120x120.jpg]
[localhost_8080/media/images/Dental-Restoration.2e16d0ba.fill-120x120.png]
[localhost_8080/media/images/e9e6f7e029e24a3be8ca254aba620592_m.8b9d1190.fill-120x120.jpg]
[localhost_8080/media/images/images.2e16d0ba.fill-120x120.png]
[localhost_8080/media/images/c40f50e26ad1c0c2fce5bb6598f5a4a6.0f651141.fill-120x120.jpg]
[localhost_8080/media/images/f56e9c0ad4219a4b93df93b42824d607.0e22b5aa.fill-120x120.jpg]
[localhost_8080/media/images/4.45def147.fill-120x120.jpg]
[localhost_8080/media/images/dental_implants_blog_1.2e16d0ba.fill-120x120.png]
[localhost_8080/media/images/141fbd7b542ae23e7090fac8cbb8ba9e.2e16d0ba.fill-120x120.jpg]
[localhost_8080/en/our-blogs/index.html]
[localhost_8080/media/images/dental_implants_blog_2.2e16d0ba.fill-765x325.png]
[localhost_8080/en/our-blogs/dental-in-turkey/index.html]
[localhost_8080/media/images/f4af3577e597f6bd89ac19d04e9cfd6d.2e16d0ba.fill-765x325.jpg]
[localhost_8080/en/our-blogs/verify-dentists-clinic-turkey-en/index.html]
[localhost_8080/media/images/52226f70742f587faac389641e9baf9f.2e16d0ba.fill-765x325.jpg]
[localhost_8080/en/our-blogs/language-barrier-dental-care-turkey/index.html]
[localhost_8080/media/images/1e9fc16ce564fc4bd8f74c2648e46b13.7b4f7a26.fill-765x325.jpg]
[localhost_8080/en/our-blogs/combine-dental-treatment-vacation-turkey/index.html]
[localhost_8080/media/images/f56e9c0ad4219a4b93df93b42824d607.0e22b5aa.fill-765x325.jpg]
[localhost_8080/en/our-blogs/dental-materials-equipment-turkey/index.html]
[localhost_8080/media/images/4.45def147.fill-765x325.jpg]
[localhost_8080/en/our-blogs/length-of-stay-dental-treatment-turkey/index.html]
[localhost_8080/media/images/dental_implants_blog_1.2e16d0ba.fill-765x325.png]
[localhost_8080/en/our-blogs/dental-tourism-laws-regulations-turkey/index.html]
[localhost_8080/media/images/141fbd7b542ae23e7090fac8cbb8ba9e.2e16d0ba.fill-765x325.jpg]
[localhost_8080/en/our-blogs/overcharged-dental-treatment-turkey/index.html]
[localhost_8080/media/images/dental_implants_blog_3.2e16d0ba.fill-765x325.png]
[localhost_8080/en/our-blogs/payment-plans-dental-clinics-turkey/index.html]
[localhost_8080/media/images/773531837b469b1984dbb96ce9811a73.2e16d0ba.fill-765x325.jpg]
[localhost_8080/en/our-blogs/dental-tourism-accommodations-turkey/index.html]
[localhost_8080/en/our-blogs/choosing-the-right-accommodation-dental-tourism-turkey/index.html]
[localhost_8080/media/images/2266c2f19e234e0e99db7342d2bbd72d_n.1898ca0c.fill-765x325.jpg]
[localhost_8080/en/our-blogs/top-hotels-medical-tourists-turkey/index.html]
[localhost_8080/media/images/2415be71109b07137b223165b331983c_a.2e16d0ba.fill-765x325.jpg]
[localhost_8080/en/our-blogs/types-of-dental-implants-turkey/index.html]
[localhost_8080/media/images/732e691457684abcd9852a9b815a6a45.2e16d0ba.fill-765x325.jpg]
[localhost_8080/en/our-blogs/benefits-of-zirconium-crowns-turkey/index.html]
[localhost_8080/media/images/200600528933ff01a9c57946b2f5785c.8fed572c.fill-765x325.jpg]
[localhost_8080/en/our-blogs/porcelain-veneers-turkey-guide/index.html]
[localhost_8080/media/images/c40f50e26ad1c0c2fce5bb6598f5a4a6.0f651141.fill-765x325.jpg]
[localhost_8080/en/our-blogs/teeth-whitening-turkey-guide/index.html]
[localhost_8080/media/images/images.2e16d0ba.fill-765x325.png]
[localhost_8080/en/our-blogs/dental-bridges-turkey-guide/index.html]
[localhost_8080/media/images/e9e6f7e029e24a3be8ca254aba620592_m.8b9d1190.fill-765x325.jpg]
[localhost_8080/en/our-blogs/all-on-4-implants-turkey-guide/index.html]
[localhost_8080/media/images/Dental-Restoration.2e16d0ba.fill-765x325.png]
[localhost_8080/en/our-blogs/full-mouth-restoration-turkey/index.html]
[localhost_8080/media/images/71ba9098c7dffc2c75ec79fa470b2007.2e16d0ba.fill-765x325.jpg]
[localhost_8080/en/our-blogs/orthodontic-treatments-turkey/index.html]
[localhost_8080/media/images/c94cff7fd34f04cdb84a34bb87193ab9.2e16d0ba.fill-765x325.jpg]
[localhost_8080/en/our-blogs/the-importance-of-a-night-guard-after-zirconium-crown-installation/index.html]
[localhost_8080/en/our-blogs/veneers-vs-crowns-turkey/index.html]
[localhost_8080/en/our-blogs/dental-tourism-turkey-guide/index.html]
[localhost_8080/en/our-blogs/is-turkey-safe-for-dental-work/index.html]
[localhost_8080/en/our-blogs/international-insurance-cover-dental-turkey/index.html]
[localhost_8080/en/our-blogs/bank-finance-medical-tourism-turkey/index.html]
[localhost_8080/en/our-blogs/verify-dentist-clinic-turkey/index.html]
[localhost_8080/en/our-blogs/understanding-tooth-decay-progression-causes-stages-and-prevention/index.html]
