[backblue.gif]
[fade.gif]
[index.html]
[127.0.0.1_8000/en/index.html]
[127.0.0.1_8000/en/our-blogs/index.html]
[127.0.0.1_8000/en/js/vendor/jquery-1.11.2.min.html]
[127.0.0.1_8000/en/our-blogs/veneers-vs-crowns-turkey/index.html]
[127.0.0.1_8000/en/our-blogs/orthodontic-treatments-turkey/index.html]
[127.0.0.1_8000/en/our-blogs/full-mouth-restoration-turkey/index.html]
[127.0.0.1_8000/en/our-blogs/all-on-4-implants-turkey-guide/index.html]
[127.0.0.1_8000/en/our-blogs/dental-bridges-turkey-guide/index.html]
[127.0.0.1_8000/en/our-blogs/teeth-whitening-turkey-guide/index.html]
[127.0.0.1_8000/en/our-blogs/dental-materials-equipment-turkey/index.html]
[127.0.0.1_8000/en/our-blogs/length-of-stay-dental-treatment-turkey/index.html]
[127.0.0.1_8000/en/our-blogs/dental-tourism-laws-regulations-turkey/index.html]
[127.0.0.1_8000/en/our-blogs/overcharged-dental-treatment-turkey/index.html]
[127.0.0.1_8000/en/our-blogs/index4658.html]
[127.0.0.1_8000/en/our-blogs/js/vendor/jquery-1.11.2.min.html]
